2026-03-16 17:01:23.744 [main] INFO  k.c.k.l.ocpp.Ocpp16DaemonApplication - Starting Ocpp16DaemonApplication using Java 17.0.12 on BOOK-MATTTOCA92 with PID 20076 (C:\Users\KEVIT\git\local-csms\localcsms\daemon\ocpp16-daemon\target\ocpp16-daemon.jar started by KEVIT in C:\Users\KEVIT\git\local-csms)
2026-03-16 17:01:23.755 [main] DEBUG k.c.k.l.ocpp.Ocpp16DaemonApplication - Running with Spring Boot v2.7.18, Spring v5.3.31
2026-03-16 17:01:23.757 [main] INFO  k.c.k.l.ocpp.Ocpp16DaemonApplication - No active profile set, falling back to 1 default profile: "default"
2026-03-16 17:01:25.144 [main] INFO  o.s.b.w.e.tomcat.TomcatWebServer - Tomcat initialized with port(s): 9000 (http)
2026-03-16 17:01:25.152 [main] INFO  o.a.coyote.http11.Http11NioProtocol - Initializing ProtocolHandler ["http-nio-9000"]
2026-03-16 17:01:25.155 [main] INFO  o.a.catalina.core.StandardService - Starting service [Tomcat]
2026-03-16 17:01:25.155 [main] INFO  o.a.catalina.core.StandardEngine - Starting Servlet engine: [Apache Tomcat/9.0.83]
2026-03-16 17:01:25.221 [main] INFO  o.a.c.c.C.[Tomcat].[localhost].[/] - Initializing Spring embedded WebApplicationContext
2026-03-16 17:01:25.221 [main] INFO  o.s.b.w.s.c.ServletWebServerApplicationContext - Root WebApplicationContext: initialization completed in 1392 ms
2026-03-16 17:01:25.913 [main] INFO  k.c.k.l.o.handler.OcppSecurityFilter - [OCPP] Security Profile 1 활성화 ? 연결 전 비밀번호 인증 필요
2026-03-16 17:01:25.969 [main] DEBUG k.c.k.l.o.handler.OcppSecurityFilter - Filter 'ocppSecurityFilter' configured for use
2026-03-16 17:01:26.140 [main] WARN  o.s.b.w.s.c.AnnotationConfigServletWebServerApplicationContext - Exception encountered during context initialization - cancelling refresh attempt: org.springframework.beans.factory.BeanCreationException: Error creating bean with name 'ocppCommandController': Lookup method resolution failed; nested exception is java.lang.IllegalStateException: Failed to introspect Class [kr.co.kevit.localcsms.ocpp.controller.OcppCommandController] from ClassLoader [org.springframework.boot.loader.LaunchedURLClassLoader@6438a396]
2026-03-16 17:01:26.147 [main] INFO  o.a.catalina.core.StandardService - Stopping service [Tomcat]
2026-03-16 17:01:26.162 [main] INFO  o.s.b.a.l.ConditionEvaluationReportLoggingListener - 

Error starting ApplicationContext. To display the conditions report re-run your application with 'debug' enabled.
2026-03-16 17:01:26.194 [main] ERROR o.s.boot.SpringApplication - Application run failed
org.springframework.beans.factory.BeanCreationException: Error creating bean with name 'ocppCommandController': Lookup method resolution failed; nested exception is java.lang.IllegalStateException: Failed to introspect Class [kr.co.kevit.localcsms.ocpp.controller.OcppCommandController] from ClassLoader [org.springframework.boot.loader.LaunchedURLClassLoader@6438a396]
	at org.springframework.beans.factory.annotation.AutowiredAnnotationBeanPostProcessor.determineCandidateConstructors(AutowiredAnnotationBeanPostProcessor.java:298)
	at org.springframework.beans.factory.support.AbstractAutowireCapableBeanFactory.determineConstructorsFromBeanPostProcessors(AbstractAutowireCapableBeanFactory.java:1302)
	at org.springframework.beans.factory.support.AbstractAutowireCapableBeanFactory.createBeanInstance(AbstractAutowireCapableBeanFactory.java:1219)
	at org.springframework.beans.factory.support.AbstractAutowireCapableBeanFactory.doCreateBean(AbstractAutowireCapableBeanFactory.java:582)
	at org.springframework.beans.factory.support.AbstractAutowireCapableBeanFactory.createBean(AbstractAutowireCapableBeanFactory.java:542)
	at org.springframework.beans.factory.support.AbstractBeanFactory.lambda$doGetBean$0(AbstractBeanFactory.java:335)
	at org.springframework.beans.factory.support.DefaultSingletonBeanRegistry.getSingleton(DefaultSingletonBeanRegistry.java:234)
	at org.springframework.beans.factory.support.AbstractBeanFactory.doGetBean(AbstractBeanFactory.java:333)
	at org.springframework.beans.factory.support.AbstractBeanFactory.getBean(AbstractBeanFactory.java:208)
	at org.springframework.beans.factory.support.DefaultListableBeanFactory.preInstantiateSingletons(DefaultListableBeanFactory.java:955)
	at org.springframework.context.support.AbstractApplicationContext.finishBeanFactoryInitialization(AbstractApplicationContext.java:929)
	at org.springframework.context.support.AbstractApplicationContext.refresh(AbstractApplicationContext.java:591)
	at org.springframework.boot.web.servlet.context.ServletWebServerApplicationContext.refresh(ServletWebServerApplicationContext.java:147)
	at org.springframework.boot.SpringApplication.refresh(SpringApplication.java:732)
	at org.springframework.boot.SpringApplication.refreshContext(SpringApplication.java:409)
	at org.springframework.boot.SpringApplication.run(SpringApplication.java:308)
	at org.springframework.boot.SpringApplication.run(SpringApplication.java:1300)
	at org.springframework.boot.SpringApplication.run(SpringApplication.java:1289)
	at kr.co.kevit.localcsms.ocpp.Ocpp16DaemonApplication.main(Ocpp16DaemonApplication.java:27)
	at java.base/jdk.internal.reflect.NativeMethodAccessorImpl.invoke0(Native Method)
	at java.base/jdk.internal.reflect.NativeMethodAccessorImpl.invoke(NativeMethodAccessorImpl.java:77)
	at java.base/jdk.internal.reflect.DelegatingMethodAccessorImpl.invoke(DelegatingMethodAccessorImpl.java:43)
	at java.base/java.lang.reflect.Method.invoke(Method.java:568)
	at org.springframework.boot.loader.MainMethodRunner.run(MainMethodRunner.java:49)
	at org.springframework.boot.loader.Launcher.launch(Launcher.java:108)
	at org.springframework.boot.loader.Launcher.launch(Launcher.java:58)
	at org.springframework.boot.loader.JarLauncher.main(JarLauncher.java:65)
Caused by: java.lang.IllegalStateException: Failed to introspect Class [kr.co.kevit.localcsms.ocpp.controller.OcppCommandController] from ClassLoader [org.springframework.boot.loader.LaunchedURLClassLoader@6438a396]
	at org.springframework.util.ReflectionUtils.getDeclaredMethods(ReflectionUtils.java:485)
	at org.springframework.util.ReflectionUtils.doWithLocalMethods(ReflectionUtils.java:321)
	at org.springframework.beans.factory.annotation.AutowiredAnnotationBeanPostProcessor.determineCandidateConstructors(AutowiredAnnotationBeanPostProcessor.java:276)
	... 26 common frames omitted
Caused by: java.lang.NoClassDefFoundError: OcppCommandRequest
	at java.base/java.lang.Class.getDeclaredMethods0(Native Method)
	at java.base/java.lang.Class.privateGetDeclaredMethods(Class.java:3402)
	at java.base/java.lang.Class.getDeclaredMethods(Class.java:2504)
	at org.springframework.util.ReflectionUtils.getDeclaredMethods(ReflectionUtils.java:467)
	... 28 common frames omitted
Caused by: java.lang.ClassNotFoundException: OcppCommandRequest
	at java.base/java.net.URLClassLoader.findClass(URLClassLoader.java:445)
	at java.base/java.lang.ClassLoader.loadClass(ClassLoader.java:592)
	at org.springframework.boot.loader.LaunchedURLClassLoader.loadClass(LaunchedURLClassLoader.java:151)
	at java.base/java.lang.ClassLoader.loadClass(ClassLoader.java:525)
	... 32 common frames omitted
2026-03-16 17:42:43.947 [main] INFO  k.c.k.l.ocpp.Ocpp16DaemonApplication - Starting Ocpp16DaemonApplication using Java 17.0.12 on BOOK-MATTTOCA92 with PID 39208 (C:\Users\KEVIT\git\local-csms\localcsms\daemon\ocpp16-daemon\target\ocpp16-daemon.jar started by KEVIT in C:\Users\KEVIT\git\local-csms)
2026-03-16 17:42:43.952 [main] DEBUG k.c.k.l.ocpp.Ocpp16DaemonApplication - Running with Spring Boot v2.7.18, Spring v5.3.31
2026-03-16 17:42:43.954 [main] INFO  k.c.k.l.ocpp.Ocpp16DaemonApplication - No active profile set, falling back to 1 default profile: "default"
2026-03-16 17:42:45.184 [main] INFO  o.s.b.w.e.tomcat.TomcatWebServer - Tomcat initialized with port(s): 9000 (http)
2026-03-16 17:42:45.190 [main] INFO  o.a.coyote.http11.Http11NioProtocol - Initializing ProtocolHandler ["http-nio-9000"]
2026-03-16 17:42:45.193 [main] INFO  o.a.catalina.core.StandardService - Starting service [Tomcat]
2026-03-16 17:42:45.193 [main] INFO  o.a.catalina.core.StandardEngine - Starting Servlet engine: [Apache Tomcat/9.0.83]
2026-03-16 17:42:45.256 [main] INFO  o.a.c.c.C.[Tomcat].[localhost].[/] - Initializing Spring embedded WebApplicationContext
2026-03-16 17:42:45.258 [main] INFO  o.s.b.w.s.c.ServletWebServerApplicationContext - Root WebApplicationContext: initialization completed in 1231 ms
2026-03-16 17:42:45.893 [main] INFO  k.c.k.l.o.handler.OcppSecurityFilter - [OCPP] Security Profile 1 활성화 ? 연결 전 비밀번호 인증 필요
2026-03-16 17:42:45.953 [main] DEBUG k.c.k.l.o.handler.OcppSecurityFilter - Filter 'ocppSecurityFilter' configured for use
2026-03-16 17:42:46.118 [main] WARN  o.s.b.w.s.c.AnnotationConfigServletWebServerApplicationContext - Exception encountered during context initialization - cancelling refresh attempt: org.springframework.beans.factory.UnsatisfiedDependencyException: Error creating bean with name 'webSocketConfig' defined in URL [jar:file:/C:/Users/KEVIT/git/local-csms/localcsms/daemon/ocpp16-daemon/target/ocpp16-daemon.jar!/BOOT-INF/classes!/kr/co/kevit/localcsms/ocpp/config/WebSocketConfig.class]: Unsatisfied dependency expressed through constructor parameter 0; nested exception is org.springframework.beans.factory.BeanCreationException: Error creating bean with name 'ocppWebSocketHandler' defined in URL [jar:file:/C:/Users/KEVIT/git/local-csms/localcsms/daemon/ocpp16-daemon/target/ocpp16-daemon.jar!/BOOT-INF/classes!/kr/co/kevit/localcsms/ocpp/handler/OcppWebSocketHandler.class]: Instantiation of bean failed; nested exception is org.springframework.beans.BeanInstantiationException: Failed to instantiate [kr.co.kevit.localcsms.ocpp.handler.OcppWebSocketHandler]: Constructor threw exception; nested exception is java.lang.Error: Unresolved compilation problems: 
	The import kr.co.kevit.localcsms.ocpp.bean.res.CancelReservationBean cannot be resolved
	The import kr.co.kevit.localcsms.ocpp.bean.res.CertificateSignedBean cannot be resolved
	The import kr.co.kevit.localcsms.ocpp.bean.res.DeleteCertificateBean cannot be resolved
	The import kr.co.kevit.localcsms.ocpp.bean.res.ExtendedTriggerMessageBean cannot be resolved
	The import kr.co.kevit.localcsms.ocpp.bean.res.GetInstalledCertificateIdsBean cannot be resolved
	The import kr.co.kevit.localcsms.ocpp.bean.res.ChangeAvailabilityBean cannot be resolved
	The import kr.co.kevit.localcsms.ocpp.bean.res.ClearChargingProfileBean cannot be resolved
	The import kr.co.kevit.localcsms.ocpp.bean.res.GetDiagnosticsBean cannot be resolved
	The import kr.co.kevit.localcsms.ocpp.bean.res.GetLocalListVersionBean cannot be resolved
	The import kr.co.kevit.localcsms.ocpp.bean.res.GetLogBean cannot be resolved
	The import kr.co.kevit.localcsms.ocpp.bean.res.ReserveNowBean cannot be resolved
	The import kr.co.kevit.localcsms.ocpp.bean.res.SendLocalListBean cannot be resolved
	The import kr.co.kevit.localcsms.ocpp.bean.res.TriggerMessageBean cannot be resolved
	The import kr.co.kevit.localcsms.ocpp.bean.res.UnlockConnectorBean cannot be resolved
	The import kr.co.kevit.localcsms.ocpp.bean.res.DataTransferResBean cannot be resolved
	The import kr.co.kevit.localcsms.ocpp.bean.res.UpdateFirmwareBean cannot be resolved
	CancelReservationBean cannot be resolved to a type
	ChangeAvailabilityBean cannot be resolved to a type
	ClearChargingProfileBean cannot be resolved to a type
	GetDiagnosticsBean cannot be resolved to a type
	GetLocalListVersionBean cannot be resolved to a type
	GetLogBean cannot be resolved to a type
	ReserveNowBean cannot be resolved to a type
	SendLocalListBean cannot be resolved to a type
	TriggerMessageBean cannot be resolved to a type
	UnlockConnectorBean cannot be resolved to a type
	UpdateFirmwareBean cannot be resolved to a type
	DataTransferResBean cannot be resolved to a type
	CertificateSignedBean cannot be resolved to a type
	DeleteCertificateBean cannot be resolved to a type
	ExtendedTriggerMessageBean cannot be resolved to a type
	GetInstalledCertificateIdsBean cannot be resolved to a type
	CancelReservationBean cannot be resolved to a type
	ChangeAvailabilityBean cannot be resolved to a type
	ClearChargingProfileBean cannot be resolved to a type
	GetDiagnosticsBean cannot be resolved to a type
	GetLocalListVersionBean cannot be resolved to a type
	GetLogBean cannot be resolved to a type
	ReserveNowBean cannot be resolved to a type
	SendLocalListBean cannot be resolved to a type
	TriggerMessageBean cannot be resolved to a type
	UnlockConnectorBean cannot be resolved to a type
	UpdateFirmwareBean cannot be resolved to a type
	DataTransferResBean cannot be resolved to a type
	CertificateSignedBean cannot be resolved to a type
	DeleteCertificateBean cannot be resolved to a type
	ExtendedTriggerMessageBean cannot be resolved to a type
	GetInstalledCertificateIdsBean cannot be resolved to a type

2026-03-16 17:42:46.123 [main] INFO  o.a.catalina.core.StandardService - Stopping service [Tomcat]
2026-03-16 17:42:46.136 [main] INFO  o.s.b.a.l.ConditionEvaluationReportLoggingListener - 

Error starting ApplicationContext. To display the conditions report re-run your application with 'debug' enabled.
2026-03-16 17:42:46.171 [main] ERROR o.s.boot.SpringApplication - Application run failed
org.springframework.beans.factory.UnsatisfiedDependencyException: Error creating bean with name 'webSocketConfig' defined in URL [jar:file:/C:/Users/KEVIT/git/local-csms/localcsms/daemon/ocpp16-daemon/target/ocpp16-daemon.jar!/BOOT-INF/classes!/kr/co/kevit/localcsms/ocpp/config/WebSocketConfig.class]: Unsatisfied dependency expressed through constructor parameter 0; nested exception is org.springframework.beans.factory.BeanCreationException: Error creating bean with name 'ocppWebSocketHandler' defined in URL [jar:file:/C:/Users/KEVIT/git/local-csms/localcsms/daemon/ocpp16-daemon/target/ocpp16-daemon.jar!/BOOT-INF/classes!/kr/co/kevit/localcsms/ocpp/handler/OcppWebSocketHandler.class]: Instantiation of bean failed; nested exception is org.springframework.beans.BeanInstantiationException: Failed to instantiate [kr.co.kevit.localcsms.ocpp.handler.OcppWebSocketHandler]: Constructor threw exception; nested exception is java.lang.Error: Unresolved compilation problems: 
	The import kr.co.kevit.localcsms.ocpp.bean.res.CancelReservationBean cannot be resolved
	The import kr.co.kevit.localcsms.ocpp.bean.res.CertificateSignedBean cannot be resolved
	The import kr.co.kevit.localcsms.ocpp.bean.res.DeleteCertificateBean cannot be resolved
	The import kr.co.kevit.localcsms.ocpp.bean.res.ExtendedTriggerMessageBean cannot be resolved
	The import kr.co.kevit.localcsms.ocpp.bean.res.GetInstalledCertificateIdsBean cannot be resolved
	The import kr.co.kevit.localcsms.ocpp.bean.res.ChangeAvailabilityBean cannot be resolved
	The import kr.co.kevit.localcsms.ocpp.bean.res.ClearChargingProfileBean cannot be resolved
	The import kr.co.kevit.localcsms.ocpp.bean.res.GetDiagnosticsBean cannot be resolved
	The import kr.co.kevit.localcsms.ocpp.bean.res.GetLocalListVersionBean cannot be resolved
	The import kr.co.kevit.localcsms.ocpp.bean.res.GetLogBean cannot be resolved
	The import kr.co.kevit.localcsms.ocpp.bean.res.ReserveNowBean cannot be resolved
	The import kr.co.kevit.localcsms.ocpp.bean.res.SendLocalListBean cannot be resolved
	The import kr.co.kevit.localcsms.ocpp.bean.res.TriggerMessageBean cannot be resolved
	The import kr.co.kevit.localcsms.ocpp.bean.res.UnlockConnectorBean cannot be resolved
	The import kr.co.kevit.localcsms.ocpp.bean.res.DataTransferResBean cannot be resolved
	The import kr.co.kevit.localcsms.ocpp.bean.res.UpdateFirmwareBean cannot be resolved
	CancelReservationBean cannot be resolved to a type
	ChangeAvailabilityBean cannot be resolved to a type
	ClearChargingProfileBean cannot be resolved to a type
	GetDiagnosticsBean cannot be resolved to a type
	GetLocalListVersionBean cannot be resolved to a type
	GetLogBean cannot be resolved to a type
	ReserveNowBean cannot be resolved to a type
	SendLocalListBean cannot be resolved to a type
	TriggerMessageBean cannot be resolved to a type
	UnlockConnectorBean cannot be resolved to a type
	UpdateFirmwareBean cannot be resolved to a type
	DataTransferResBean cannot be resolved to a type
	CertificateSignedBean cannot be resolved to a type
	DeleteCertificateBean cannot be resolved to a type
	ExtendedTriggerMessageBean cannot be resolved to a type
	GetInstalledCertificateIdsBean cannot be resolved to a type
	CancelReservationBean cannot be resolved to a type
	ChangeAvailabilityBean cannot be resolved to a type
	ClearChargingProfileBean cannot be resolved to a type
	GetDiagnosticsBean cannot be resolved to a type
	GetLocalListVersionBean cannot be resolved to a type
	GetLogBean cannot be resolved to a type
	ReserveNowBean cannot be resolved to a type
	SendLocalListBean cannot be resolved to a type
	TriggerMessageBean cannot be resolved to a type
	UnlockConnectorBean cannot be resolved to a type
	UpdateFirmwareBean cannot be resolved to a type
	DataTransferResBean cannot be resolved to a type
	CertificateSignedBean cannot be resolved to a type
	DeleteCertificateBean cannot be resolved to a type
	ExtendedTriggerMessageBean cannot be resolved to a type
	GetInstalledCertificateIdsBean cannot be resolved to a type

	at org.springframework.beans.factory.support.ConstructorResolver.createArgumentArray(ConstructorResolver.java:801)
	at org.springframework.beans.factory.support.ConstructorResolver.autowireConstructor(ConstructorResolver.java:224)
	at org.springframework.beans.factory.support.AbstractAutowireCapableBeanFactory.autowireConstructor(AbstractAutowireCapableBeanFactory.java:1372)
	at org.springframework.beans.factory.support.AbstractAutowireCapableBeanFactory.createBeanInstance(AbstractAutowireCapableBeanFactory.java:1222)
	at org.springframework.beans.factory.support.AbstractAutowireCapableBeanFactory.doCreateBean(AbstractAutowireCapableBeanFactory.java:582)
	at org.springframework.beans.factory.support.AbstractAutowireCapableBeanFactory.createBean(AbstractAutowireCapableBeanFactory.java:542)
	at org.springframework.beans.factory.support.AbstractBeanFactory.lambda$doGetBean$0(AbstractBeanFactory.java:335)
	at org.springframework.beans.factory.support.DefaultSingletonBeanRegistry.getSingleton(DefaultSingletonBeanRegistry.java:234)
	at org.springframework.beans.factory.support.AbstractBeanFactory.doGetBean(AbstractBeanFactory.java:333)
	at org.springframework.beans.factory.support.AbstractBeanFactory.getBean(AbstractBeanFactory.java:208)
	at org.springframework.beans.factory.support.DefaultListableBeanFactory.preInstantiateSingletons(DefaultListableBeanFactory.java:955)
	at org.springframework.context.support.AbstractApplicationContext.finishBeanFactoryInitialization(AbstractApplicationContext.java:929)
	at org.springframework.context.support.AbstractApplicationContext.refresh(AbstractApplicationContext.java:591)
	at org.springframework.boot.web.servlet.context.ServletWebServerApplicationContext.refresh(ServletWebServerApplicationContext.java:147)
	at org.springframework.boot.SpringApplication.refresh(SpringApplication.java:732)
	at org.springframework.boot.SpringApplication.refreshContext(SpringApplication.java:409)
	at org.springframework.boot.SpringApplication.run(SpringApplication.java:308)
	at org.springframework.boot.SpringApplication.run(SpringApplication.java:1300)
	at org.springframework.boot.SpringApplication.run(SpringApplication.java:1289)
	at kr.co.kevit.localcsms.ocpp.Ocpp16DaemonApplication.main(Ocpp16DaemonApplication.java:27)
	at java.base/jdk.internal.reflect.NativeMethodAccessorImpl.invoke0(Native Method)
	at java.base/jdk.internal.reflect.NativeMethodAccessorImpl.invoke(NativeMethodAccessorImpl.java:77)
	at java.base/jdk.internal.reflect.DelegatingMethodAccessorImpl.invoke(DelegatingMethodAccessorImpl.java:43)
	at java.base/java.lang.reflect.Method.invoke(Method.java:568)
	at org.springframework.boot.loader.MainMethodRunner.run(MainMethodRunner.java:49)
	at org.springframework.boot.loader.Launcher.launch(Launcher.java:108)
	at org.springframework.boot.loader.Launcher.launch(Launcher.java:58)
	at org.springframework.boot.loader.JarLauncher.main(JarLauncher.java:65)
Caused by: org.springframework.beans.factory.BeanCreationException: Error creating bean with name 'ocppWebSocketHandler' defined in URL [jar:file:/C:/Users/KEVIT/git/local-csms/localcsms/daemon/ocpp16-daemon/target/ocpp16-daemon.jar!/BOOT-INF/classes!/kr/co/kevit/localcsms/ocpp/handler/OcppWebSocketHandler.class]: Instantiation of bean failed; nested exception is org.springframework.beans.BeanInstantiationException: Failed to instantiate [kr.co.kevit.localcsms.ocpp.handler.OcppWebSocketHandler]: Constructor threw exception; nested exception is java.lang.Error: Unresolved compilation problems: 
	The import kr.co.kevit.localcsms.ocpp.bean.res.CancelReservationBean cannot be resolved
	The import kr.co.kevit.localcsms.ocpp.bean.res.CertificateSignedBean cannot be resolved
	The import kr.co.kevit.localcsms.ocpp.bean.res.DeleteCertificateBean cannot be resolved
	The import kr.co.kevit.localcsms.ocpp.bean.res.ExtendedTriggerMessageBean cannot be resolved
	The import kr.co.kevit.localcsms.ocpp.bean.res.GetInstalledCertificateIdsBean cannot be resolved
	The import kr.co.kevit.localcsms.ocpp.bean.res.ChangeAvailabilityBean cannot be resolved
	The import kr.co.kevit.localcsms.ocpp.bean.res.ClearChargingProfileBean cannot be resolved
	The import kr.co.kevit.localcsms.ocpp.bean.res.GetDiagnosticsBean cannot be resolved
	The import kr.co.kevit.localcsms.ocpp.bean.res.GetLocalListVersionBean cannot be resolved
	The import kr.co.kevit.localcsms.ocpp.bean.res.GetLogBean cannot be resolved
	The import kr.co.kevit.localcsms.ocpp.bean.res.ReserveNowBean cannot be resolved
	The import kr.co.kevit.localcsms.ocpp.bean.res.SendLocalListBean cannot be resolved
	The import kr.co.kevit.localcsms.ocpp.bean.res.TriggerMessageBean cannot be resolved
	The import kr.co.kevit.localcsms.ocpp.bean.res.UnlockConnectorBean cannot be resolved
	The import kr.co.kevit.localcsms.ocpp.bean.res.DataTransferResBean cannot be resolved
	The import kr.co.kevit.localcsms.ocpp.bean.res.UpdateFirmwareBean cannot be resolved
	CancelReservationBean cannot be resolved to a type
	ChangeAvailabilityBean cannot be resolved to a type
	ClearChargingProfileBean cannot be resolved to a type
	GetDiagnosticsBean cannot be resolved to a type
	GetLocalListVersionBean cannot be resolved to a type
	GetLogBean cannot be resolved to a type
	ReserveNowBean cannot be resolved to a type
	SendLocalListBean cannot be resolved to a type
	TriggerMessageBean cannot be resolved to a type
	UnlockConnectorBean cannot be resolved to a type
	UpdateFirmwareBean cannot be resolved to a type
	DataTransferResBean cannot be resolved to a type
	CertificateSignedBean cannot be resolved to a type
	DeleteCertificateBean cannot be resolved to a type
	ExtendedTriggerMessageBean cannot be resolved to a type
	GetInstalledCertificateIdsBean cannot be resolved to a type
	CancelReservationBean cannot be resolved to a type
	ChangeAvailabilityBean cannot be resolved to a type
	ClearChargingProfileBean cannot be resolved to a type
	GetDiagnosticsBean cannot be resolved to a type
	GetLocalListVersionBean cannot be resolved to a type
	GetLogBean cannot be resolved to a type
	ReserveNowBean cannot be resolved to a type
	SendLocalListBean cannot be resolved to a type
	TriggerMessageBean cannot be resolved to a type
	UnlockConnectorBean cannot be resolved to a type
	UpdateFirmwareBean cannot be resolved to a type
	DataTransferResBean cannot be resolved to a type
	CertificateSignedBean cannot be resolved to a type
	DeleteCertificateBean cannot be resolved to a type
	ExtendedTriggerMessageBean cannot be resolved to a type
	GetInstalledCertificateIdsBean cannot be resolved to a type

	at org.springframework.beans.factory.support.AbstractAutowireCapableBeanFactory.instantiateBean(AbstractAutowireCapableBeanFactory.java:1334)
	at org.springframework.beans.factory.support.AbstractAutowireCapableBeanFactory.createBeanInstance(AbstractAutowireCapableBeanFactory.java:1232)
	at org.springframework.beans.factory.support.AbstractAutowireCapableBeanFactory.doCreateBean(AbstractAutowireCapableBeanFactory.java:582)
	at org.springframework.beans.factory.support.AbstractAutowireCapableBeanFactory.createBean(AbstractAutowireCapableBeanFactory.java:542)
	at org.springframework.beans.factory.support.AbstractBeanFactory.lambda$doGetBean$0(AbstractBeanFactory.java:335)
	at org.springframework.beans.factory.support.DefaultSingletonBeanRegistry.getSingleton(DefaultSingletonBeanRegistry.java:234)
	at org.springframework.beans.factory.support.AbstractBeanFactory.doGetBean(AbstractBeanFactory.java:333)
	at org.springframework.beans.factory.support.AbstractBeanFactory.getBean(AbstractBeanFactory.java:208)
	at org.springframework.beans.factory.config.DependencyDescriptor.resolveCandidate(DependencyDescriptor.java:276)
	at org.springframework.beans.factory.support.DefaultListableBeanFactory.doResolveDependency(DefaultListableBeanFactory.java:1391)
	at org.springframework.beans.factory.support.DefaultListableBeanFactory.resolveDependency(DefaultListableBeanFactory.java:1311)
	at org.springframework.beans.factory.support.ConstructorResolver.resolveAutowiredArgument(ConstructorResolver.java:911)
	at org.springframework.beans.factory.support.ConstructorResolver.createArgumentArray(ConstructorResolver.java:788)
	... 27 common frames omitted
Caused by: org.springframework.beans.BeanInstantiationException: Failed to instantiate [kr.co.kevit.localcsms.ocpp.handler.OcppWebSocketHandler]: Constructor threw exception; nested exception is java.lang.Error: Unresolved compilation problems: 
	The import kr.co.kevit.localcsms.ocpp.bean.res.CancelReservationBean cannot be resolved
	The import kr.co.kevit.localcsms.ocpp.bean.res.CertificateSignedBean cannot be resolved
	The import kr.co.kevit.localcsms.ocpp.bean.res.DeleteCertificateBean cannot be resolved
	The import kr.co.kevit.localcsms.ocpp.bean.res.ExtendedTriggerMessageBean cannot be resolved
	The import kr.co.kevit.localcsms.ocpp.bean.res.GetInstalledCertificateIdsBean cannot be resolved
	The import kr.co.kevit.localcsms.ocpp.bean.res.ChangeAvailabilityBean cannot be resolved
	The import kr.co.kevit.localcsms.ocpp.bean.res.ClearChargingProfileBean cannot be resolved
	The import kr.co.kevit.localcsms.ocpp.bean.res.GetDiagnosticsBean cannot be resolved
	The import kr.co.kevit.localcsms.ocpp.bean.res.GetLocalListVersionBean cannot be resolved
	The import kr.co.kevit.localcsms.ocpp.bean.res.GetLogBean cannot be resolved
	The import kr.co.kevit.localcsms.ocpp.bean.res.ReserveNowBean cannot be resolved
	The import kr.co.kevit.localcsms.ocpp.bean.res.SendLocalListBean cannot be resolved
	The import kr.co.kevit.localcsms.ocpp.bean.res.TriggerMessageBean cannot be resolved
	The import kr.co.kevit.localcsms.ocpp.bean.res.UnlockConnectorBean cannot be resolved
	The import kr.co.kevit.localcsms.ocpp.bean.res.DataTransferResBean cannot be resolved
	The import kr.co.kevit.localcsms.ocpp.bean.res.UpdateFirmwareBean cannot be resolved
	CancelReservationBean cannot be resolved to a type
	ChangeAvailabilityBean cannot be resolved to a type
	ClearChargingProfileBean cannot be resolved to a type
	GetDiagnosticsBean cannot be resolved to a type
	GetLocalListVersionBean cannot be resolved to a type
	GetLogBean cannot be resolved to a type
	ReserveNowBean cannot be resolved to a type
	SendLocalListBean cannot be resolved to a type
	TriggerMessageBean cannot be resolved to a type
	UnlockConnectorBean cannot be resolved to a type
	UpdateFirmwareBean cannot be resolved to a type
	DataTransferResBean cannot be resolved to a type
	CertificateSignedBean cannot be resolved to a type
	DeleteCertificateBean cannot be resolved to a type
	ExtendedTriggerMessageBean cannot be resolved to a type
	GetInstalledCertificateIdsBean cannot be resolved to a type
	CancelReservationBean cannot be resolved to a type
	ChangeAvailabilityBean cannot be resolved to a type
	ClearChargingProfileBean cannot be resolved to a type
	GetDiagnosticsBean cannot be resolved to a type
	GetLocalListVersionBean cannot be resolved to a type
	GetLogBean cannot be resolved to a type
	ReserveNowBean cannot be resolved to a type
	SendLocalListBean cannot be resolved to a type
	TriggerMessageBean cannot be resolved to a type
	UnlockConnectorBean cannot be resolved to a type
	UpdateFirmwareBean cannot be resolved to a type
	DataTransferResBean cannot be resolved to a type
	CertificateSignedBean cannot be resolved to a type
	DeleteCertificateBean cannot be resolved to a type
	ExtendedTriggerMessageBean cannot be resolved to a type
	GetInstalledCertificateIdsBean cannot be resolved to a type

	at org.springframework.beans.BeanUtils.instantiateClass(BeanUtils.java:226)
	at org.springframework.beans.factory.support.SimpleInstantiationStrategy.instantiate(SimpleInstantiationStrategy.java:87)
	at org.springframework.beans.factory.support.AbstractAutowireCapableBeanFactory.instantiateBean(AbstractAutowireCapableBeanFactory.java:1326)
	... 39 common frames omitted
Caused by: java.lang.Error: Unresolved compilation problems: 
	The import kr.co.kevit.localcsms.ocpp.bean.res.CancelReservationBean cannot be resolved
	The import kr.co.kevit.localcsms.ocpp.bean.res.CertificateSignedBean cannot be resolved
	The import kr.co.kevit.localcsms.ocpp.bean.res.DeleteCertificateBean cannot be resolved
	The import kr.co.kevit.localcsms.ocpp.bean.res.ExtendedTriggerMessageBean cannot be resolved
	The import kr.co.kevit.localcsms.ocpp.bean.res.GetInstalledCertificateIdsBean cannot be resolved
	The import kr.co.kevit.localcsms.ocpp.bean.res.ChangeAvailabilityBean cannot be resolved
	The import kr.co.kevit.localcsms.ocpp.bean.res.ClearChargingProfileBean cannot be resolved
	The import kr.co.kevit.localcsms.ocpp.bean.res.GetDiagnosticsBean cannot be resolved
	The import kr.co.kevit.localcsms.ocpp.bean.res.GetLocalListVersionBean cannot be resolved
	The import kr.co.kevit.localcsms.ocpp.bean.res.GetLogBean cannot be resolved
	The import kr.co.kevit.localcsms.ocpp.bean.res.ReserveNowBean cannot be resolved
	The import kr.co.kevit.localcsms.ocpp.bean.res.SendLocalListBean cannot be resolved
	The import kr.co.kevit.localcsms.ocpp.bean.res.TriggerMessageBean cannot be resolved
	The import kr.co.kevit.localcsms.ocpp.bean.res.UnlockConnectorBean cannot be resolved
	The import kr.co.kevit.localcsms.ocpp.bean.res.DataTransferResBean cannot be resolved
	The import kr.co.kevit.localcsms.ocpp.bean.res.UpdateFirmwareBean cannot be resolved
	CancelReservationBean cannot be resolved to a type
	ChangeAvailabilityBean cannot be resolved to a type
	ClearChargingProfileBean cannot be resolved to a type
	GetDiagnosticsBean cannot be resolved to a type
	GetLocalListVersionBean cannot be resolved to a type
	GetLogBean cannot be resolved to a type
	ReserveNowBean cannot be resolved to a type
	SendLocalListBean cannot be resolved to a type
	TriggerMessageBean cannot be resolved to a type
	UnlockConnectorBean cannot be resolved to a type
	UpdateFirmwareBean cannot be resolved to a type
	DataTransferResBean cannot be resolved to a type
	CertificateSignedBean cannot be resolved to a type
	DeleteCertificateBean cannot be resolved to a type
	ExtendedTriggerMessageBean cannot be resolved to a type
	GetInstalledCertificateIdsBean cannot be resolved to a type
	CancelReservationBean cannot be resolved to a type
	ChangeAvailabilityBean cannot be resolved to a type
	ClearChargingProfileBean cannot be resolved to a type
	GetDiagnosticsBean cannot be resolved to a type
	GetLocalListVersionBean cannot be resolved to a type
	GetLogBean cannot be resolved to a type
	ReserveNowBean cannot be resolved to a type
	SendLocalListBean cannot be resolved to a type
	TriggerMessageBean cannot be resolved to a type
	UnlockConnectorBean cannot be resolved to a type
	UpdateFirmwareBean cannot be resolved to a type
	DataTransferResBean cannot be resolved to a type
	CertificateSignedBean cannot be resolved to a type
	DeleteCertificateBean cannot be resolved to a type
	ExtendedTriggerMessageBean cannot be resolved to a type
	GetInstalledCertificateIdsBean cannot be resolved to a type

	at kr.co.kevit.localcsms.ocpp.handler.OcppWebSocketHandler.<init>(OcppWebSocketHandler.java:23)
	at java.base/jdk.internal.reflect.NativeConstructorAccessorImpl.newInstance0(Native Method)
	at java.base/jdk.internal.reflect.NativeConstructorAccessorImpl.newInstance(NativeConstructorAccessorImpl.java:77)
	at java.base/jdk.internal.reflect.DelegatingConstructorAccessorImpl.newInstance(DelegatingConstructorAccessorImpl.java:45)
	at java.base/java.lang.reflect.Constructor.newInstanceWithCaller(Constructor.java:499)
	at java.base/java.lang.reflect.Constructor.newInstance(Constructor.java:480)
	at org.springframework.beans.BeanUtils.instantiateClass(BeanUtils.java:213)
	... 41 common frames omitted
2026-03-16 17:46:39.031 [main] INFO  k.c.k.l.ocpp.Ocpp16DaemonApplication - Starting Ocpp16DaemonApplication using Java 17.0.12 on BOOK-MATTTOCA92 with PID 38972 (C:\Users\KEVIT\git\local-csms\localcsms\daemon\ocpp16-daemon\target\ocpp16-daemon.jar started by KEVIT in C:\Users\KEVIT\git\local-csms)
2026-03-16 17:46:39.037 [main] DEBUG k.c.k.l.ocpp.Ocpp16DaemonApplication - Running with Spring Boot v2.7.18, Spring v5.3.31
2026-03-16 17:46:39.039 [main] INFO  k.c.k.l.ocpp.Ocpp16DaemonApplication - No active profile set, falling back to 1 default profile: "default"
2026-03-16 17:46:40.260 [main] INFO  o.s.b.w.e.tomcat.TomcatWebServer - Tomcat initialized with port(s): 9000 (http)
2026-03-16 17:46:40.266 [main] INFO  o.a.coyote.http11.Http11NioProtocol - Initializing ProtocolHandler ["http-nio-9000"]
2026-03-16 17:46:40.269 [main] INFO  o.a.catalina.core.StandardService - Starting service [Tomcat]
2026-03-16 17:46:40.270 [main] INFO  o.a.catalina.core.StandardEngine - Starting Servlet engine: [Apache Tomcat/9.0.83]
2026-03-16 17:46:40.333 [main] INFO  o.a.c.c.C.[Tomcat].[localhost].[/] - Initializing Spring embedded WebApplicationContext
2026-03-16 17:46:40.333 [main] INFO  o.s.b.w.s.c.ServletWebServerApplicationContext - Root WebApplicationContext: initialization completed in 1220 ms
2026-03-16 17:46:40.934 [main] INFO  k.c.k.l.o.handler.OcppSecurityFilter - [OCPP] Security Profile 1 활성화 ? 연결 전 비밀번호 인증 필요
2026-03-16 17:46:40.992 [main] DEBUG k.c.k.l.o.handler.OcppSecurityFilter - Filter 'ocppSecurityFilter' configured for use
2026-03-16 17:46:41.488 [main] INFO  o.s.b.a.w.s.WelcomePageHandlerMapping - Adding welcome page: class path resource [static/index.html]
2026-03-16 17:46:41.695 [main] INFO  o.a.coyote.http11.Http11NioProtocol - Starting ProtocolHandler ["http-nio-9000"]
2026-03-16 17:46:41.727 [main] INFO  o.s.b.w.e.tomcat.TomcatWebServer - Tomcat started on port(s): 9000 (http) with context path ''
2026-03-16 17:46:41.739 [main] INFO  k.c.k.l.ocpp.Ocpp16DaemonApplication - Started Ocpp16DaemonApplication in 3.122 seconds (JVM running for 3.701)
