2026-04-10 15:30:57 [main] INFO  k.c.k.l.adminweb.AdminWebApplication logStarting 55 
 - Starting AdminWebApplication using Java 17.0.12 on BOOK-MATTTOCA92 with PID 62096 (C:\Users\KEVIT\git\local-csms\localcsms\web\admin-web\target\evAdmin.jar started by KEVIT in C:\Users\KEVIT\git\local-csms)
2026-04-10 15:30:57 [main] INFO  k.c.k.l.adminweb.AdminWebApplication logStartupProfileInfo 632 
 - No active profile set, falling back to 1 default profile: "default"
2026-04-10 15:30:59 [main] INFO  o.s.b.w.e.tomcat.TomcatWebServer initialize 108 
 - Tomcat initialized with port(s): 8081 (http)
2026-04-10 15:30:59 [main] INFO  o.a.coyote.http11.Http11NioProtocol log 173 
 - Initializing ProtocolHandler ["http-nio-8081"]
2026-04-10 15:30:59 [main] INFO  o.a.catalina.core.StandardService log 173 
 - Starting service [Tomcat]
2026-04-10 15:30:59 [main] INFO  o.a.catalina.core.StandardEngine log 173 
 - Starting Servlet engine: [Apache Tomcat/9.0.83]
2026-04-10 15:30:59 [main] INFO  o.a.c.c.C.[.[localhost].[/evAdmin] log 173 
 - Initializing Spring embedded WebApplicationContext
2026-04-10 15:30:59 [main] INFO  o.s.b.w.s.c.ServletWebServerApplicationContext prepareWebApplicationContext 292 
 - Root WebApplicationContext: initialization completed in 1501 ms
2026-04-10 15:31:01 [main] INFO  o.s.s.web.DefaultSecurityFilterChain <init> 55 
 - Will secure any request with [org.springframework.security.web.session.DisableEncodeUrlFilter@5fc930f0, org.springframework.security.web.context.request.async.WebAsyncManagerIntegrationFilter@3701e6e4, org.springframework.security.web.context.SecurityContextPersistenceFilter@36f1046f, org.springframework.security.web.header.HeaderWriterFilter@8bffb8b, org.springframework.security.web.authentication.logout.LogoutFilter@4e31c3ec, org.springframework.security.web.authentication.UsernamePasswordAuthenticationFilter@7ae9a33a, org.springframework.security.web.savedrequest.RequestCacheAwareFilter@1686f0b4, org.springframework.security.web.servletapi.SecurityContextHolderAwareRequestFilter@76c548f, org.springframework.security.web.authentication.AnonymousAuthenticationFilter@c6634d, org.springframework.security.web.session.SessionManagementFilter@10ee04df, org.springframework.security.web.access.ExceptionTranslationFilter@26a2f7f9, org.springframework.security.web.access.intercept.FilterSecurityInterceptor@f4cfd90]
2026-04-10 15:31:01 [main] INFO  o.s.b.a.w.s.WelcomePageHandlerMapping <init> 60 
 - Adding welcome page template: index
2026-04-10 15:31:02 [main] INFO  o.a.coyote.http11.Http11NioProtocol log 173 
 - Starting ProtocolHandler ["http-nio-8081"]
2026-04-10 15:31:02 [main] INFO  o.s.b.w.e.tomcat.TomcatWebServer start 220 
 - Tomcat started on port(s): 8081 (http) with context path '/evAdmin'
2026-04-10 15:31:02 [main] INFO  k.c.k.l.adminweb.AdminWebApplication logStarted 61 
 - Started AdminWebApplication in 4.886 seconds (JVM running for 5.556)
2026-04-10 15:31:24 [http-nio-8081-exec-1] INFO  o.a.c.c.C.[.[localhost].[/evAdmin] log 173 
 - Initializing Spring DispatcherServlet 'dispatcherServlet'
2026-04-10 15:31:24 [http-nio-8081-exec-1] INFO  o.s.web.servlet.DispatcherServlet initServletBean 525 
 - Initializing Servlet 'dispatcherServlet'
2026-04-10 15:31:24 [http-nio-8081-exec-1] INFO  o.s.web.servlet.DispatcherServlet initServletBean 547 
 - Completed initialization in 2 ms
2026-04-10 15:31:24 [http-nio-8081-exec-1] ERROR k.c.k.l.a.controller.LoginController loginPage 57 
 - class java.lang.String cannot be cast to class kr.co.kevit.localcsms.authority.entity.domain.User (java.lang.String is in module java.base of loader 'bootstrap'; kr.co.kevit.localcsms.authority.entity.domain.User is in unnamed module of loader org.springframework.boot.loader.LaunchedURLClassLoader @6438a396)
2026-04-10 15:31:28 [http-nio-8081-exec-1] ERROR k.c.k.l.a.controller.LoginController loginPage 57 
 - class java.lang.String cannot be cast to class kr.co.kevit.localcsms.authority.entity.domain.User (java.lang.String is in module java.base of loader 'bootstrap'; kr.co.kevit.localcsms.authority.entity.domain.User is in unnamed module of loader org.springframework.boot.loader.LaunchedURLClassLoader @6438a396)
2026-04-10 15:31:31 [http-nio-8081-exec-1] ERROR k.c.k.l.a.controller.LoginController loginPage 57 
 - class java.lang.String cannot be cast to class kr.co.kevit.localcsms.authority.entity.domain.User (java.lang.String is in module java.base of loader 'bootstrap'; kr.co.kevit.localcsms.authority.entity.domain.User is in unnamed module of loader org.springframework.boot.loader.LaunchedURLClassLoader @6438a396)
2026-04-10 15:31:34 [http-nio-8081-exec-2] ERROR k.c.k.l.a.controller.LoginController loginPage 57 
 - class java.lang.String cannot be cast to class kr.co.kevit.localcsms.authority.entity.domain.User (java.lang.String is in module java.base of loader 'bootstrap'; kr.co.kevit.localcsms.authority.entity.domain.User is in unnamed module of loader org.springframework.boot.loader.LaunchedURLClassLoader @6438a396)
2026-04-10 15:31:36 [http-nio-8081-exec-2] ERROR k.c.k.l.a.controller.LoginController loginPage 57 
 - class java.lang.String cannot be cast to class kr.co.kevit.localcsms.authority.entity.domain.User (java.lang.String is in module java.base of loader 'bootstrap'; kr.co.kevit.localcsms.authority.entity.domain.User is in unnamed module of loader org.springframework.boot.loader.LaunchedURLClassLoader @6438a396)
2026-04-10 15:31:44 [http-nio-8081-exec-2] ERROR k.c.k.l.a.controller.LoginController loginPage 57 
 - class java.lang.String cannot be cast to class kr.co.kevit.localcsms.authority.entity.domain.User (java.lang.String is in module java.base of loader 'bootstrap'; kr.co.kevit.localcsms.authority.entity.domain.User is in unnamed module of loader org.springframework.boot.loader.LaunchedURLClassLoader @6438a396)
2026-04-10 15:31:45 [http-nio-8081-exec-2] ERROR k.c.k.l.a.controller.LoginController loginPage 57 
 - class java.lang.String cannot be cast to class kr.co.kevit.localcsms.authority.entity.domain.User (java.lang.String is in module java.base of loader 'bootstrap'; kr.co.kevit.localcsms.authority.entity.domain.User is in unnamed module of loader org.springframework.boot.loader.LaunchedURLClassLoader @6438a396)
2026-04-10 15:35:15 [main] INFO  k.c.k.l.adminweb.AdminWebApplication logStarting 55 
 - Starting AdminWebApplication using Java 17.0.12 on BOOK-MATTTOCA92 with PID 38180 (C:\Users\KEVIT\git\local-csms\localcsms\web\admin-web\target\evAdmin.jar started by KEVIT in C:\Users\KEVIT\git\local-csms)
2026-04-10 15:35:15 [main] INFO  k.c.k.l.adminweb.AdminWebApplication logStartupProfileInfo 632 
 - No active profile set, falling back to 1 default profile: "default"
2026-04-10 15:35:17 [main] INFO  o.s.b.w.e.tomcat.TomcatWebServer initialize 108 
 - Tomcat initialized with port(s): 8081 (http)
2026-04-10 15:35:17 [main] INFO  o.a.coyote.http11.Http11NioProtocol log 173 
 - Initializing ProtocolHandler ["http-nio-8081"]
2026-04-10 15:35:17 [main] INFO  o.a.catalina.core.StandardService log 173 
 - Starting service [Tomcat]
2026-04-10 15:35:17 [main] INFO  o.a.catalina.core.StandardEngine log 173 
 - Starting Servlet engine: [Apache Tomcat/9.0.83]
2026-04-10 15:35:17 [main] INFO  o.a.c.c.C.[.[localhost].[/evAdmin] log 173 
 - Initializing Spring embedded WebApplicationContext
2026-04-10 15:35:17 [main] INFO  o.s.b.w.s.c.ServletWebServerApplicationContext prepareWebApplicationContext 292 
 - Root WebApplicationContext: initialization completed in 1742 ms
2026-04-10 15:35:19 [main] INFO  o.s.s.web.DefaultSecurityFilterChain <init> 55 
 - Will secure any request with [org.springframework.security.web.session.DisableEncodeUrlFilter@359ff4d9, org.springframework.security.web.context.request.async.WebAsyncManagerIntegrationFilter@7a22a3c2, org.springframework.security.web.context.SecurityContextPersistenceFilter@21422231, org.springframework.security.web.header.HeaderWriterFilter@dc7b462, org.springframework.security.web.authentication.logout.LogoutFilter@6f38a289, org.springframework.security.web.authentication.UsernamePasswordAuthenticationFilter@184dbacc, org.springframework.security.web.savedrequest.RequestCacheAwareFilter@7186333e, org.springframework.security.web.servletapi.SecurityContextHolderAwareRequestFilter@692fd26, org.springframework.security.web.authentication.AnonymousAuthenticationFilter@f4cfd90, org.springframework.security.web.session.SessionManagementFilter@26a2f7f9, org.springframework.security.web.access.ExceptionTranslationFilter@5e2f3be5, org.springframework.security.web.access.intercept.FilterSecurityInterceptor@3cae7b8b]
2026-04-10 15:35:19 [main] INFO  o.s.b.a.w.s.WelcomePageHandlerMapping <init> 60 
 - Adding welcome page template: index
2026-04-10 15:35:20 [main] INFO  o.a.coyote.http11.Http11NioProtocol log 173 
 - Starting ProtocolHandler ["http-nio-8081"]
2026-04-10 15:35:20 [main] INFO  o.s.b.w.e.tomcat.TomcatWebServer start 220 
 - Tomcat started on port(s): 8081 (http) with context path '/evAdmin'
2026-04-10 15:35:20 [main] INFO  k.c.k.l.adminweb.AdminWebApplication logStarted 61 
 - Started AdminWebApplication in 5.308 seconds (JVM running for 6.023)
2026-04-10 15:35:20 [http-nio-8081-exec-1] INFO  o.a.c.c.C.[.[localhost].[/evAdmin] log 173 
 - Initializing Spring DispatcherServlet 'dispatcherServlet'
2026-04-10 15:35:20 [http-nio-8081-exec-1] INFO  o.s.web.servlet.DispatcherServlet initServletBean 525 
 - Initializing Servlet 'dispatcherServlet'
2026-04-10 15:35:20 [http-nio-8081-exec-1] INFO  o.s.web.servlet.DispatcherServlet initServletBean 547 
 - Completed initialization in 2 ms
2026-04-10 15:35:20 [http-nio-8081-exec-1] ERROR k.c.k.l.a.controller.LoginController loginPage 57 
 - class java.lang.String cannot be cast to class kr.co.kevit.localcsms.authority.entity.domain.User (java.lang.String is in module java.base of loader 'bootstrap'; kr.co.kevit.localcsms.authority.entity.domain.User is in unnamed module of loader org.springframework.boot.loader.LaunchedURLClassLoader @6438a396)
2026-04-10 15:35:24 [http-nio-8081-exec-10] ERROR k.c.k.l.a.controller.LoginController loginPage 57 
 - class java.lang.String cannot be cast to class kr.co.kevit.localcsms.authority.entity.domain.User (java.lang.String is in module java.base of loader 'bootstrap'; kr.co.kevit.localcsms.authority.entity.domain.User is in unnamed module of loader org.springframework.boot.loader.LaunchedURLClassLoader @6438a396)
2026-04-10 15:35:28 [http-nio-8081-exec-8] ERROR k.c.k.l.a.controller.LoginController loginPage 57 
 - class java.lang.String cannot be cast to class kr.co.kevit.localcsms.authority.entity.domain.User (java.lang.String is in module java.base of loader 'bootstrap'; kr.co.kevit.localcsms.authority.entity.domain.User is in unnamed module of loader org.springframework.boot.loader.LaunchedURLClassLoader @6438a396)
2026-04-10 15:35:30 [http-nio-8081-exec-3] ERROR k.c.k.l.a.controller.LoginController loginPage 57 
 - class java.lang.String cannot be cast to class kr.co.kevit.localcsms.authority.entity.domain.User (java.lang.String is in module java.base of loader 'bootstrap'; kr.co.kevit.localcsms.authority.entity.domain.User is in unnamed module of loader org.springframework.boot.loader.LaunchedURLClassLoader @6438a396)
2026-04-10 15:35:32 [http-nio-8081-exec-7] ERROR k.c.k.l.a.controller.LoginController loginPage 57 
 - class java.lang.String cannot be cast to class kr.co.kevit.localcsms.authority.entity.domain.User (java.lang.String is in module java.base of loader 'bootstrap'; kr.co.kevit.localcsms.authority.entity.domain.User is in unnamed module of loader org.springframework.boot.loader.LaunchedURLClassLoader @6438a396)
2026-04-10 15:35:37 [http-nio-8081-exec-7] ERROR k.c.k.l.a.controller.LoginController loginPage 57 
 - class java.lang.String cannot be cast to class kr.co.kevit.localcsms.authority.entity.domain.User (java.lang.String is in module java.base of loader 'bootstrap'; kr.co.kevit.localcsms.authority.entity.domain.User is in unnamed module of loader org.springframework.boot.loader.LaunchedURLClassLoader @6438a396)
2026-04-10 15:35:40 [http-nio-8081-exec-7] ERROR k.c.k.l.a.controller.LoginController loginPage 57 
 - class java.lang.String cannot be cast to class kr.co.kevit.localcsms.authority.entity.domain.User (java.lang.String is in module java.base of loader 'bootstrap'; kr.co.kevit.localcsms.authority.entity.domain.User is in unnamed module of loader org.springframework.boot.loader.LaunchedURLClassLoader @6438a396)
2026-04-10 15:35:44 [http-nio-8081-exec-7] ERROR k.c.k.l.a.controller.LoginController loginPage 57 
 - class java.lang.String cannot be cast to class kr.co.kevit.localcsms.authority.entity.domain.User (java.lang.String is in module java.base of loader 'bootstrap'; kr.co.kevit.localcsms.authority.entity.domain.User is in unnamed module of loader org.springframework.boot.loader.LaunchedURLClassLoader @6438a396)
2026-04-10 15:41:04 [main] INFO  k.c.k.l.adminweb.AdminWebApplication logStarting 55 
 - Starting AdminWebApplication using Java 17.0.12 on BOOK-MATTTOCA92 with PID 63620 (C:\Users\KEVIT\git\local-csms\localcsms\web\admin-web\target\evAdmin.jar started by KEVIT in C:\Users\KEVIT\git\local-csms)
2026-04-10 15:41:04 [main] INFO  k.c.k.l.adminweb.AdminWebApplication logStartupProfileInfo 632 
 - No active profile set, falling back to 1 default profile: "default"
2026-04-10 15:41:06 [main] INFO  o.s.b.w.e.tomcat.TomcatWebServer initialize 108 
 - Tomcat initialized with port(s): 8081 (http)
2026-04-10 15:41:06 [main] INFO  o.a.coyote.http11.Http11NioProtocol log 173 
 - Initializing ProtocolHandler ["http-nio-8081"]
2026-04-10 15:41:06 [main] INFO  o.a.catalina.core.StandardService log 173 
 - Starting service [Tomcat]
2026-04-10 15:41:06 [main] INFO  o.a.catalina.core.StandardEngine log 173 
 - Starting Servlet engine: [Apache Tomcat/9.0.83]
2026-04-10 15:41:06 [main] INFO  o.a.c.c.C.[.[localhost].[/evAdmin] log 173 
 - Initializing Spring embedded WebApplicationContext
2026-04-10 15:41:06 [main] INFO  o.s.b.w.s.c.ServletWebServerApplicationContext prepareWebApplicationContext 292 
 - Root WebApplicationContext: initialization completed in 1632 ms
2026-04-10 15:41:08 [main] INFO  o.s.s.web.DefaultSecurityFilterChain <init> 55 
 - Will secure any request with [org.springframework.security.web.session.DisableEncodeUrlFilter@61f80d55, org.springframework.security.web.context.request.async.WebAsyncManagerIntegrationFilter@27a7ef08, org.springframework.security.web.context.SecurityContextPersistenceFilter@3157e4c0, org.springframework.security.web.header.HeaderWriterFilter@6f38a289, org.springframework.security.web.authentication.logout.LogoutFilter@28348c6, org.springframework.security.web.authentication.UsernamePasswordAuthenticationFilter@71dfcf21, org.springframework.security.web.savedrequest.RequestCacheAwareFilter@328902d5, org.springframework.security.web.servletapi.SecurityContextHolderAwareRequestFilter@72e789cb, org.springframework.security.web.authentication.AnonymousAuthenticationFilter@280e8a1a, org.springframework.security.web.session.SessionManagementFilter@3cec79d3, org.springframework.security.web.access.ExceptionTranslationFilter@5c10285a, org.springframework.security.web.access.intercept.FilterSecurityInterceptor@4ce14f05]
2026-04-10 15:41:09 [main] INFO  o.s.b.a.w.s.WelcomePageHandlerMapping <init> 60 
 - Adding welcome page template: index
2026-04-10 15:41:09 [main] INFO  o.a.coyote.http11.Http11NioProtocol log 173 
 - Starting ProtocolHandler ["http-nio-8081"]
2026-04-10 15:41:09 [main] INFO  o.s.b.w.e.tomcat.TomcatWebServer start 220 
 - Tomcat started on port(s): 8081 (http) with context path '/evAdmin'
2026-04-10 15:41:09 [main] INFO  k.c.k.l.adminweb.AdminWebApplication logStarted 61 
 - Started AdminWebApplication in 5.474 seconds (JVM running for 6.307)
2026-04-10 15:41:10 [http-nio-8081-exec-1] INFO  o.a.c.c.C.[.[localhost].[/evAdmin] log 173 
 - Initializing Spring DispatcherServlet 'dispatcherServlet'
2026-04-10 15:41:10 [http-nio-8081-exec-1] INFO  o.s.web.servlet.DispatcherServlet initServletBean 525 
 - Initializing Servlet 'dispatcherServlet'
2026-04-10 15:41:10 [http-nio-8081-exec-1] INFO  o.s.web.servlet.DispatcherServlet initServletBean 547 
 - Completed initialization in 3 ms
2026-04-10 15:41:10 [http-nio-8081-exec-1] ERROR k.c.k.l.a.controller.LoginController loginPage 57 
 - class java.lang.String cannot be cast to class kr.co.kevit.localcsms.authority.entity.domain.User (java.lang.String is in module java.base of loader 'bootstrap'; kr.co.kevit.localcsms.authority.entity.domain.User is in unnamed module of loader org.springframework.boot.loader.LaunchedURLClassLoader @6438a396)
2026-04-10 15:41:10 [http-nio-8081-exec-10] ERROR k.c.k.l.a.controller.LoginController loginPage 57 
 - class java.lang.String cannot be cast to class kr.co.kevit.localcsms.authority.entity.domain.User (java.lang.String is in module java.base of loader 'bootstrap'; kr.co.kevit.localcsms.authority.entity.domain.User is in unnamed module of loader org.springframework.boot.loader.LaunchedURLClassLoader @6438a396)
2026-04-10 15:41:14 [http-nio-8081-exec-10] ERROR k.c.k.l.a.controller.LoginController loginPage 57 
 - class java.lang.String cannot be cast to class kr.co.kevit.localcsms.authority.entity.domain.User (java.lang.String is in module java.base of loader 'bootstrap'; kr.co.kevit.localcsms.authority.entity.domain.User is in unnamed module of loader org.springframework.boot.loader.LaunchedURLClassLoader @6438a396)
2026-04-10 15:41:18 [http-nio-8081-exec-7] ERROR k.c.k.l.a.controller.LoginController loginPage 57 
 - class java.lang.String cannot be cast to class kr.co.kevit.localcsms.authority.entity.domain.User (java.lang.String is in module java.base of loader 'bootstrap'; kr.co.kevit.localcsms.authority.entity.domain.User is in unnamed module of loader org.springframework.boot.loader.LaunchedURLClassLoader @6438a396)
2026-04-10 15:41:20 [http-nio-8081-exec-7] ERROR k.c.k.l.a.controller.LoginController loginPage 57 
 - class java.lang.String cannot be cast to class kr.co.kevit.localcsms.authority.entity.domain.User (java.lang.String is in module java.base of loader 'bootstrap'; kr.co.kevit.localcsms.authority.entity.domain.User is in unnamed module of loader org.springframework.boot.loader.LaunchedURLClassLoader @6438a396)
2026-04-10 15:41:29 [http-nio-8081-exec-4] INFO  com.zaxxer.hikari.HikariDataSource getConnection 110 
 - HikariPool-1 - Starting...
2026-04-10 15:41:29 [http-nio-8081-exec-4] INFO  com.zaxxer.hikari.HikariDataSource getConnection 123 
 - HikariPool-1 - Start completed.
2026-04-10 15:41:30 [http-nio-8081-exec-1] INFO  k.c.k.l.a.r.system.AuthorityResource getMyUserInfo 155 
 - [REQ] USER ID :E00000000, ACCESS_IP:0:0:0:0:0:0:0:1, URL : ws/system/myUserInfo, GET
2026-04-10 15:41:30 [http-nio-8081-exec-1] INFO  k.c.k.l.a.r.system.AuthorityResource getMyUserInfo 157 
 - [RES] USER ID :E00000000, ACCESS_IP:0:0:0:0:0:0:0:1, URL : ws/system/myUserInfo, GET, SUCCESS
2026-04-10 15:41:30 [http-nio-8081-exec-9] INFO  k.c.k.l.a.r.c.CommonCodeResource searchCommonCodes 50 
 - [REQ] USER ID :E00000000, ACCESS_IP:0:0:0:0:0:0:0:1, URL : ws/common/codes, GET, DATA : {"highCodes":["CHE000","CHRA00","CHMK00","CHMD00","CHAB00","CHRS00","RESA00","ACCC00","ACCD00","CHKT00","CBMK00","SPMK00","DCHC00","AC3C00","DCMC00","CHMT00","MEMB00","MEMK00","MEML00","MSGA00","TELB00","URG000","BDST00","RCST00","REIT00","SYNO00","CSCA00","CSCS00","FCTP00","FCTP01","CHCK00","M2MMK0","RFMK00","LCD000","ICMK00","BDMK00","CM0000","RECS00"],"totalItemCount":0,"pageItemSize":20,"pageCount":0,"pageNumber":0}
2026-04-10 15:41:30 [http-nio-8081-exec-6] INFO  k.c.k.l.a.r.common.CommonValResource searchCommonVals 49 
 - [REQ] USER ID :E00000000, ACCESS_IP:0:0:0:0:0:0:0:1, URL : ws/common/val, GET, DATA : {"highCodes":["ELCO00"],"totalItemCount":0,"pageItemSize":20,"pageCount":0,"pageNumber":0}
2026-04-10 15:41:30 [http-nio-8081-exec-9] INFO  k.c.k.l.a.r.c.CommonCodeResource searchCommonCodes 54 
 - [RES] USER ID :E00000000, ACCESS_IP:0:0:0:0:0:0:0:1, URL : ws/common/codes, GET, SUCCESS
2026-04-10 15:41:30 [http-nio-8081-exec-6] INFO  k.c.k.l.a.r.common.CommonValResource searchCommonVals 53 
 - [RES] USER ID :E00000000, ACCESS_IP:0:0:0:0:0:0:0:1, URL : ws/common/val, GET, SUCCESS
2026-04-10 15:41:31 [http-nio-8081-exec-8] INFO  k.c.k.l.a.r.c.ChargerStatusResource searchChargerStatus 55 
 - [REQ] USER ID :E00000000, ACCESS_IP:0:0:0:0:0:0:0:1, URL : ws/charger/status, GET, DATA : {"cpId":"","cpName":"","status":[],"csErrorStatus":"","totalItemCount":0,"pageItemSize":20,"pageCount":0,"pageNumber":0}
2026-04-10 15:41:31 [http-nio-8081-exec-8] INFO  k.c.k.l.a.r.c.ChargerStatusResource searchChargerStatus 59 
 - [RES] USER ID :E00000000, ACCESS_IP:0:0:0:0:0:0:0:1, URL : ws/charger/status, GET, SUCCESS
2026-04-10 15:41:31 [http-nio-8081-exec-10] INFO  k.c.k.l.a.r.c.ChargingStationInfoResource searchChargerList 159 
 - [REQ] USER ID :E00000000, ACCESS_IP:0:0:0:0:0:0:0:1, URL : ws/charger/csAlarm, GET
2026-04-10 15:41:31 [http-nio-8081-exec-10] INFO  k.c.k.l.a.r.c.ChargingStationInfoResource searchChargerList 163 
 - [RES] USER ID :E00000000, ACCESS_IP:0:0:0:0:0:0:0:1, URL : ws/charger/csAlarm, GET, SUCCESS
2026-04-10 15:41:37 [http-nio-8081-exec-2] INFO  k.c.k.l.a.r.r.RechargingResource findRechargingList 58 
 - [REQ] USER ID :E00000000, ACCESS_IP:0:0:0:0:0:0:0:1, URL : ws/recharging/list, GET, DATA : {"status":["RECS02"],"csId":"","cpId":"","cpName":"","dateType":"S","fromDate":"20260403000000","toDate":"20260410235959","rechargingId":"","dateOrder":"B","totalItemCount":0,"pageItemSize":20,"pageCount":0,"pageNumber":0}
2026-04-10 15:41:37 [http-nio-8081-exec-2] INFO  k.c.k.l.a.r.r.RechargingResource findRechargingList 62 
 - [RES] USER ID :E00000000, ACCESS_IP:0:0:0:0:0:0:0:1, URL : ws/recharging/list, GET, SUCCESS
2026-04-10 15:41:45 [http-nio-8081-exec-6] INFO  k.c.k.l.a.r.c.CsFirmwareResource searchList 37 
 - [REQ] USER:E00000000 URL:ws/firmware/list DATA:{"totalItemCount":0,"pageItemSize":20,"pageCount":0,"pageNumber":0}
2026-04-10 15:41:45 [http-nio-8081-exec-6] INFO  k.c.k.l.a.r.c.CsFirmwareResource searchList 40 
 - [RES] USER:E00000000 URL:ws/firmware/list SUCCESS count:1
2026-04-10 15:41:46 [http-nio-8081-exec-7] INFO  k.c.k.l.a.r.c.CsCertResource searchCsCertList 47 
 - [REQ] USER ID :E00000000, ACCESS_IP:0:0:0:0:0:0:0:1, URL : ws/certificate/cs/search, GET, DATA : {"csId":"","certStatus":"","caType":"","totalItemCount":0,"pageItemSize":20,"pageCount":0,"pageNumber":0}
2026-04-10 15:41:46 [http-nio-8081-exec-7] INFO  k.c.k.l.a.r.c.CsCertResource searchCsCertList 51 
 - [RES] USER ID :E00000000, ACCESS_IP:0:0:0:0:0:0:0:1, URL : ws/certificate/cs/search, GET, SUCCESS
2026-04-10 15:41:50 [http-nio-8081-exec-10] ERROR k.c.k.l.a.controller.LoginController loginPage 57 
 - class java.lang.String cannot be cast to class kr.co.kevit.localcsms.authority.entity.domain.User (java.lang.String is in module java.base of loader 'bootstrap'; kr.co.kevit.localcsms.authority.entity.domain.User is in unnamed module of loader org.springframework.boot.loader.LaunchedURLClassLoader @6438a396)
2026-04-10 15:41:56 [SpringApplicationShutdownHook] INFO  com.zaxxer.hikari.HikariDataSource close 350 
 - HikariPool-1 - Shutdown initiated...
2026-04-10 15:41:56 [SpringApplicationShutdownHook] INFO  com.zaxxer.hikari.HikariDataSource close 352 
 - HikariPool-1 - Shutdown completed.
